==> Building Kanomjeen.Core
  Determining projects to restore...
  Restored /home/rabbitsx/Mywork/control-center/kanomjeen-suite/src/Kanomjeen.Core/Kanomjeen.Core.csproj (in 578 ms).
/home/rabbitsx/Mywork/control-center/kanomjeen-suite/src/Kanomjeen.Core/KanomjeenCorePlugin.cs(53,13): warning CS0618: 'DamageTool.playerDamaged' is obsolete: 'Use damagePlayerRequested' [/home/rabbitsx/Mywork/control-center/kanomjeen-suite/src/Kanomjeen.Core/Kanomjeen.Core.csproj]
/home/rabbitsx/Mywork/control-center/kanomjeen-suite/src/Kanomjeen.Core/KanomjeenCorePlugin.cs(66,13): warning CS0618: 'DamageTool.playerDamaged' is obsolete: 'Use damagePlayerRequested' [/home/rabbitsx/Mywork/control-center/kanomjeen-suite/src/Kanomjeen.Core/Kanomjeen.Core.csproj]
/home/rabbitsx/Mywork/control-center/kanomjeen-suite/src/Kanomjeen.Core/Services/UiService.cs(46,13): warning CS0612: 'EffectManager.sendUIEffect(ushort, short, CSteamID, bool)' is obsolete [/home/rabbitsx/Mywork/control-center/kanomjeen-suite/src/Kanomjeen.Core/Kanomjeen.Core.csproj]
/home/rabbitsx/Mywork/control-center/kanomjeen-suite/src/Kanomjeen.Core/Services/UiService.cs(61,32): warning CS0612: 'EffectManager.askEffectClearByID(ushort, CSteamID)' is obsolete [/home/rabbitsx/Mywork/control-center/kanomjeen-suite/src/Kanomjeen.Core/Kanomjeen.Core.csproj]
/home/rabbitsx/Mywork/control-center/kanomjeen-suite/src/Kanomjeen.Core/Services/UiService.cs(69,13): warning CS0612: 'EffectManager.sendUIEffectText(short, CSteamID, bool, string, string)' is obsolete [/home/rabbitsx/Mywork/control-center/kanomjeen-suite/src/Kanomjeen.Core/Kanomjeen.Core.csproj]
/home/rabbitsx/Mywork/control-center/kanomjeen-suite/src/Kanomjeen.Core/Services/UiService.cs(75,13): warning CS0612: 'EffectManager.sendUIEffectVisibility(short, CSteamID, bool, string, bool)' is obsolete [/home/rabbitsx/Mywork/control-center/kanomjeen-suite/src/Kanomjeen.Core/Kanomjeen.Core.csproj]
  Kanomjeen.Core -> /home/rabbitsx/Mywork/control-center/kanomjeen-suite/src/Kanomjeen.Core/bin/Release/Kanomjeen.Core.dll

Build succeeded.

/home/rabbitsx/Mywork/control-center/kanomjeen-suite/src/Kanomjeen.Core/KanomjeenCorePlugin.cs(53,13): warning CS0618: 'DamageTool.playerDamaged' is obsolete: 'Use damagePlayerRequested' [/home/rabbitsx/Mywork/control-center/kanomjeen-suite/src/Kanomjeen.Core/Kanomjeen.Core.csproj]
/home/rabbitsx/Mywork/control-center/kanomjeen-suite/src/Kanomjeen.Core/KanomjeenCorePlugin.cs(66,13): warning CS0618: 'DamageTool.playerDamaged' is obsolete: 'Use damagePlayerRequested' [/home/rabbitsx/Mywork/control-center/kanomjeen-suite/src/Kanomjeen.Core/Kanomjeen.Core.csproj]
/home/rabbitsx/Mywork/control-center/kanomjeen-suite/src/Kanomjeen.Core/Services/UiService.cs(46,13): warning CS0612: 'EffectManager.sendUIEffect(ushort, short, CSteamID, bool)' is obsolete [/home/rabbitsx/Mywork/control-center/kanomjeen-suite/src/Kanomjeen.Core/Kanomjeen.Core.csproj]
/home/rabbitsx/Mywork/control-center/kanomjeen-suite/src/Kanomjeen.Core/Services/UiService.cs(61,32): warning CS0612: 'EffectManager.askEffectClearByID(ushort, CSteamID)' is obsolete [/home/rabbitsx/Mywork/control-center/kanomjeen-suite/src/Kanomjeen.Core/Kanomjeen.Core.csproj]
/home/rabbitsx/Mywork/control-center/kanomjeen-suite/src/Kanomjeen.Core/Services/UiService.cs(69,13): warning CS0612: 'EffectManager.sendUIEffectText(short, CSteamID, bool, string, string)' is obsolete [/home/rabbitsx/Mywork/control-center/kanomjeen-suite/src/Kanomjeen.Core/Kanomjeen.Core.csproj]
/home/rabbitsx/Mywork/control-center/kanomjeen-suite/src/Kanomjeen.Core/Services/UiService.cs(75,13): warning CS0612: 'EffectManager.sendUIEffectVisibility(short, CSteamID, bool, string, bool)' is obsolete [/home/rabbitsx/Mywork/control-center/kanomjeen-suite/src/Kanomjeen.Core/Kanomjeen.Core.csproj]
    6 Warning(s)
    0 Error(s)

Time Elapsed 00:00:02.92
==> Building Kanomjeen.TPA
  Determining projects to restore...
  Restored /home/rabbitsx/Mywork/control-center/kanomjeen-suite/src/Kanomjeen.TPA/Kanomjeen.TPA.csproj (in 626 ms).
  1 of 2 projects are up-to-date for restore.
  Kanomjeen.Core -> /home/rabbitsx/Mywork/control-center/kanomjeen-suite/src/Kanomjeen.Core/bin/Release/Kanomjeen.Core.dll
  Kanomjeen.TPA -> /home/rabbitsx/Mywork/control-center/kanomjeen-suite/src/Kanomjeen.TPA/bin/Release/Kanomjeen.TPA.dll

Build succeeded.
    0 Warning(s)
    0 Error(s)

Time Elapsed 00:00:03.67
==> Building Kanomjeen.Homes
  Determining projects to restore...
  Restored /home/rabbitsx/Mywork/control-center/kanomjeen-suite/src/Kanomjeen.Homes/Kanomjeen.Homes.csproj (in 492 ms).
  1 of 2 projects are up-to-date for restore.
  Kanomjeen.Core -> /home/rabbitsx/Mywork/control-center/kanomjeen-suite/src/Kanomjeen.Core/bin/Release/Kanomjeen.Core.dll
  Kanomjeen.Homes -> /home/rabbitsx/Mywork/control-center/kanomjeen-suite/src/Kanomjeen.Homes/bin/Release/Kanomjeen.Homes.dll

Build succeeded.
    0 Warning(s)
    0 Error(s)

Time Elapsed 00:00:03.49
==> Building Kanomjeen.Kits
  Determining projects to restore...
  Restored /home/rabbitsx/Mywork/control-center/kanomjeen-suite/src/Kanomjeen.Kits/Kanomjeen.Kits.csproj (in 588 ms).
  1 of 2 projects are up-to-date for restore.
  Kanomjeen.Core -> /home/rabbitsx/Mywork/control-center/kanomjeen-suite/src/Kanomjeen.Core/bin/Release/Kanomjeen.Core.dll
  Kanomjeen.Kits -> /home/rabbitsx/Mywork/control-center/kanomjeen-suite/src/Kanomjeen.Kits/bin/Release/Kanomjeen.Kits.dll

Build succeeded.
    0 Warning(s)
    0 Error(s)

Time Elapsed 00:00:03.71
==> Building Kanomjeen.Respawn
  Determining projects to restore...
  Restored /home/rabbitsx/Mywork/control-center/kanomjeen-suite/src/Kanomjeen.Respawn/Kanomjeen.Respawn.csproj (in 542 ms).
  1 of 2 projects are up-to-date for restore.
  Kanomjeen.Core -> /home/rabbitsx/Mywork/control-center/kanomjeen-suite/src/Kanomjeen.Core/bin/Release/Kanomjeen.Core.dll
/home/rabbitsx/Mywork/control-center/kanomjeen-suite/src/Kanomjeen.Respawn/KanomjeenRespawnPlugin.cs(33,13): warning CS0618: 'DamageTool.playerDamaged' is obsolete: 'Use damagePlayerRequested' [/home/rabbitsx/Mywork/control-center/kanomjeen-suite/src/Kanomjeen.Respawn/Kanomjeen.Respawn.csproj]
/home/rabbitsx/Mywork/control-center/kanomjeen-suite/src/Kanomjeen.Respawn/KanomjeenRespawnPlugin.cs(43,13): warning CS0618: 'DamageTool.playerDamaged' is obsolete: 'Use damagePlayerRequested' [/home/rabbitsx/Mywork/control-center/kanomjeen-suite/src/Kanomjeen.Respawn/Kanomjeen.Respawn.csproj]
  Kanomjeen.Respawn -> /home/rabbitsx/Mywork/control-center/kanomjeen-suite/src/Kanomjeen.Respawn/bin/Release/Kanomjeen.Respawn.dll

Build succeeded.

/home/rabbitsx/Mywork/control-center/kanomjeen-suite/src/Kanomjeen.Respawn/KanomjeenRespawnPlugin.cs(33,13): warning CS0618: 'DamageTool.playerDamaged' is obsolete: 'Use damagePlayerRequested' [/home/rabbitsx/Mywork/control-center/kanomjeen-suite/src/Kanomjeen.Respawn/Kanomjeen.Respawn.csproj]
/home/rabbitsx/Mywork/control-center/kanomjeen-suite/src/Kanomjeen.Respawn/KanomjeenRespawnPlugin.cs(43,13): warning CS0618: 'DamageTool.playerDamaged' is obsolete: 'Use damagePlayerRequested' [/home/rabbitsx/Mywork/control-center/kanomjeen-suite/src/Kanomjeen.Respawn/Kanomjeen.Respawn.csproj]
    2 Warning(s)
    0 Error(s)

Time Elapsed 00:00:03.53
==> Building Kanomjeen.BuildGuard
  Determining projects to restore...
  Restored /home/rabbitsx/Mywork/control-center/kanomjeen-suite/src/Kanomjeen.BuildGuard/Kanomjeen.BuildGuard.csproj (in 600 ms).
  1 of 2 projects are up-to-date for restore.
  Kanomjeen.Core -> /home/rabbitsx/Mywork/control-center/kanomjeen-suite/src/Kanomjeen.Core/bin/Release/Kanomjeen.Core.dll
  Kanomjeen.BuildGuard -> /home/rabbitsx/Mywork/control-center/kanomjeen-suite/src/Kanomjeen.BuildGuard/bin/Release/Kanomjeen.BuildGuard.dll

Build succeeded.
    0 Warning(s)
    0 Error(s)

Time Elapsed 00:00:03.63
==> Building Kanomjeen.Airdrops
  Determining projects to restore...
  Restored /home/rabbitsx/Mywork/control-center/kanomjeen-suite/src/Kanomjeen.Airdrops/Kanomjeen.Airdrops.csproj (in 580 ms).
  1 of 2 projects are up-to-date for restore.
  Kanomjeen.Core -> /home/rabbitsx/Mywork/control-center/kanomjeen-suite/src/Kanomjeen.Core/bin/Release/Kanomjeen.Core.dll
  Kanomjeen.Airdrops -> /home/rabbitsx/Mywork/control-center/kanomjeen-suite/src/Kanomjeen.Airdrops/bin/Release/Kanomjeen.Airdrops.dll

Build succeeded.
    0 Warning(s)
    0 Error(s)

Time Elapsed 00:00:03.62
==> Building Kanomjeen.Stats
  Determining projects to restore...
  Restored /home/rabbitsx/Mywork/control-center/kanomjeen-suite/src/Kanomjeen.Stats/Kanomjeen.Stats.csproj (in 575 ms).
  1 of 2 projects are up-to-date for restore.
  Kanomjeen.Core -> /home/rabbitsx/Mywork/control-center/kanomjeen-suite/src/Kanomjeen.Core/bin/Release/Kanomjeen.Core.dll
  Kanomjeen.Stats -> /home/rabbitsx/Mywork/control-center/kanomjeen-suite/src/Kanomjeen.Stats/bin/Release/Kanomjeen.Stats.dll

Build succeeded.
    0 Warning(s)
    0 Error(s)

Time Elapsed 00:00:03.82
==> Building Kanomjeen.ServerManager
  Determining projects to restore...
  Restored /home/rabbitsx/Mywork/control-center/kanomjeen-suite/src/Kanomjeen.ServerManager/Kanomjeen.ServerManager.csproj (in 624 ms).
  1 of 2 projects are up-to-date for restore.
  Kanomjeen.Core -> /home/rabbitsx/Mywork/control-center/kanomjeen-suite/src/Kanomjeen.Core/bin/Release/Kanomjeen.Core.dll
  Kanomjeen.ServerManager -> /home/rabbitsx/Mywork/control-center/kanomjeen-suite/src/Kanomjeen.ServerManager/bin/Release/Kanomjeen.ServerManager.dll

Build succeeded.
    0 Warning(s)
    0 Error(s)

Time Elapsed 00:00:03.61
==> Building Kanomjeen.AdminAudit
  Determining projects to restore...
  Restored /home/rabbitsx/Mywork/control-center/kanomjeen-suite/src/Kanomjeen.AdminAudit/Kanomjeen.AdminAudit.csproj (in 567 ms).
  1 of 2 projects are up-to-date for restore.
  Kanomjeen.Core -> /home/rabbitsx/Mywork/control-center/kanomjeen-suite/src/Kanomjeen.Core/bin/Release/Kanomjeen.Core.dll
  Kanomjeen.AdminAudit -> /home/rabbitsx/Mywork/control-center/kanomjeen-suite/src/Kanomjeen.AdminAudit/bin/Release/Kanomjeen.AdminAudit.dll

Build succeeded.
    0 Warning(s)
    0 Error(s)

Time Elapsed 00:00:03.62
==> Building Kanomjeen.VehicleGuard
  Determining projects to restore...
  Restored /home/rabbitsx/Mywork/control-center/kanomjeen-suite/src/Kanomjeen.VehicleGuard/Kanomjeen.VehicleGuard.csproj (in 584 ms).
  1 of 2 projects are up-to-date for restore.
  Kanomjeen.Core -> /home/rabbitsx/Mywork/control-center/kanomjeen-suite/src/Kanomjeen.Core/bin/Release/Kanomjeen.Core.dll
  Kanomjeen.VehicleGuard -> /home/rabbitsx/Mywork/control-center/kanomjeen-suite/src/Kanomjeen.VehicleGuard/bin/Release/Kanomjeen.VehicleGuard.dll

Build succeeded.
    0 Warning(s)
    0 Error(s)

Time Elapsed 00:00:03.82
Build complete: /home/rabbitsx/Mywork/control-center/kanomjeen-suite/dist/plugins
