==> Building Kanomjeen.Core
  Determining projects to restore...
  All projects are up-to-date for restore.
  Kanomjeen.Core -> /home/rabbitsx/Mywork/control-center/kanomjeen-suite/src/Kanomjeen.Core/bin/Release/Kanomjeen.Core.dll

Build succeeded.
    0 Warning(s)
    0 Error(s)

Time Elapsed 00:00:02.23
==> Building Kanomjeen.TPA
  Determining projects to restore...
  All projects are up-to-date for restore.
  Kanomjeen.Core -> /home/rabbitsx/Mywork/control-center/kanomjeen-suite/src/Kanomjeen.Core/bin/Release/Kanomjeen.Core.dll
  Kanomjeen.TPA -> /home/rabbitsx/Mywork/control-center/kanomjeen-suite/src/Kanomjeen.TPA/bin/Release/Kanomjeen.TPA.dll

Build succeeded.
    0 Warning(s)
    0 Error(s)

Time Elapsed 00:00:02.87
==> Building Kanomjeen.Homes
  Determining projects to restore...
  All projects are up-to-date for restore.
  Kanomjeen.Core -> /home/rabbitsx/Mywork/control-center/kanomjeen-suite/src/Kanomjeen.Core/bin/Release/Kanomjeen.Core.dll
  Kanomjeen.Homes -> /home/rabbitsx/Mywork/control-center/kanomjeen-suite/src/Kanomjeen.Homes/bin/Release/Kanomjeen.Homes.dll

Build succeeded.
    0 Warning(s)
    0 Error(s)

Time Elapsed 00:00:02.88
==> Building Kanomjeen.Kits
  Determining projects to restore...
  All projects are up-to-date for restore.
  Kanomjeen.Core -> /home/rabbitsx/Mywork/control-center/kanomjeen-suite/src/Kanomjeen.Core/bin/Release/Kanomjeen.Core.dll
  Kanomjeen.Kits -> /home/rabbitsx/Mywork/control-center/kanomjeen-suite/src/Kanomjeen.Kits/bin/Release/Kanomjeen.Kits.dll

Build succeeded.
    0 Warning(s)
    0 Error(s)

Time Elapsed 00:00:02.94
==> Building Kanomjeen.Respawn
  Determining projects to restore...
  All projects are up-to-date for restore.
  Kanomjeen.Core -> /home/rabbitsx/Mywork/control-center/kanomjeen-suite/src/Kanomjeen.Core/bin/Release/Kanomjeen.Core.dll
  Kanomjeen.Respawn -> /home/rabbitsx/Mywork/control-center/kanomjeen-suite/src/Kanomjeen.Respawn/bin/Release/Kanomjeen.Respawn.dll

Build succeeded.
    0 Warning(s)
    0 Error(s)

Time Elapsed 00:00:02.93
==> Building Kanomjeen.BuildGuard
  Determining projects to restore...
  All projects are up-to-date for restore.
  Kanomjeen.Core -> /home/rabbitsx/Mywork/control-center/kanomjeen-suite/src/Kanomjeen.Core/bin/Release/Kanomjeen.Core.dll
  Kanomjeen.BuildGuard -> /home/rabbitsx/Mywork/control-center/kanomjeen-suite/src/Kanomjeen.BuildGuard/bin/Release/Kanomjeen.BuildGuard.dll

Build succeeded.
    0 Warning(s)
    0 Error(s)

Time Elapsed 00:00:03.00
==> Building Kanomjeen.Airdrops
  Determining projects to restore...
  All projects are up-to-date for restore.
  Kanomjeen.Core -> /home/rabbitsx/Mywork/control-center/kanomjeen-suite/src/Kanomjeen.Core/bin/Release/Kanomjeen.Core.dll
  Kanomjeen.Airdrops -> /home/rabbitsx/Mywork/control-center/kanomjeen-suite/src/Kanomjeen.Airdrops/bin/Release/Kanomjeen.Airdrops.dll

Build succeeded.
    0 Warning(s)
    0 Error(s)

Time Elapsed 00:00:03.55
==> Building Kanomjeen.Stats
  Determining projects to restore...
  Restored /home/rabbitsx/Mywork/control-center/kanomjeen-suite/src/Kanomjeen.Stats/Kanomjeen.Stats.csproj (in 617 ms).
  1 of 2 projects are up-to-date for restore.
  Kanomjeen.Core -> /home/rabbitsx/Mywork/control-center/kanomjeen-suite/src/Kanomjeen.Core/bin/Release/Kanomjeen.Core.dll
  Kanomjeen.Stats -> /home/rabbitsx/Mywork/control-center/kanomjeen-suite/src/Kanomjeen.Stats/bin/Release/Kanomjeen.Stats.dll

Build succeeded.
    0 Warning(s)
    0 Error(s)

Time Elapsed 00:00:03.84
==> Building Kanomjeen.ServerManager
  Determining projects to restore...
  Restored /home/rabbitsx/Mywork/control-center/kanomjeen-suite/src/Kanomjeen.ServerManager/Kanomjeen.ServerManager.csproj (in 627 ms).
  1 of 2 projects are up-to-date for restore.
  Kanomjeen.Core -> /home/rabbitsx/Mywork/control-center/kanomjeen-suite/src/Kanomjeen.Core/bin/Release/Kanomjeen.Core.dll
  Kanomjeen.ServerManager -> /home/rabbitsx/Mywork/control-center/kanomjeen-suite/src/Kanomjeen.ServerManager/bin/Release/Kanomjeen.ServerManager.dll

Build succeeded.
    0 Warning(s)
    0 Error(s)

Time Elapsed 00:00:03.79
==> Building Kanomjeen.AdminAudit
  Determining projects to restore...
  Restored /home/rabbitsx/Mywork/control-center/kanomjeen-suite/src/Kanomjeen.AdminAudit/Kanomjeen.AdminAudit.csproj (in 637 ms).
  1 of 2 projects are up-to-date for restore.
  Kanomjeen.Core -> /home/rabbitsx/Mywork/control-center/kanomjeen-suite/src/Kanomjeen.Core/bin/Release/Kanomjeen.Core.dll
/home/rabbitsx/Mywork/control-center/kanomjeen-suite/src/Kanomjeen.AdminAudit/KanomjeenAdminAuditPlugin.cs(123,13): warning CS0612: 'SteamBlacklist.ban(CSteamID, CSteamID, string, uint)' is obsolete [/home/rabbitsx/Mywork/control-center/kanomjeen-suite/src/Kanomjeen.AdminAudit/Kanomjeen.AdminAudit.csproj]
/home/rabbitsx/Mywork/control-center/kanomjeen-suite/src/Kanomjeen.AdminAudit/KanomjeenAdminAuditPlugin.cs(260,27): error CS1061: 'string' does not contain a definition for 'CreateDirectory' and no accessible extension method 'CreateDirectory' accepting a first argument of type 'string' could be found (are you missing a using directive or an assembly reference?) [/home/rabbitsx/Mywork/control-center/kanomjeen-suite/src/Kanomjeen.AdminAudit/Kanomjeen.AdminAudit.csproj]

Build FAILED.

/home/rabbitsx/Mywork/control-center/kanomjeen-suite/src/Kanomjeen.AdminAudit/KanomjeenAdminAuditPlugin.cs(123,13): warning CS0612: 'SteamBlacklist.ban(CSteamID, CSteamID, string, uint)' is obsolete [/home/rabbitsx/Mywork/control-center/kanomjeen-suite/src/Kanomjeen.AdminAudit/Kanomjeen.AdminAudit.csproj]
/home/rabbitsx/Mywork/control-center/kanomjeen-suite/src/Kanomjeen.AdminAudit/KanomjeenAdminAuditPlugin.cs(260,27): error CS1061: 'string' does not contain a definition for 'CreateDirectory' and no accessible extension method 'CreateDirectory' accepting a first argument of type 'string' could be found (are you missing a using directive or an assembly reference?) [/home/rabbitsx/Mywork/control-center/kanomjeen-suite/src/Kanomjeen.AdminAudit/Kanomjeen.AdminAudit.csproj]
    1 Warning(s)
    1 Error(s)

Time Elapsed 00:00:04.05
