==> Building Kanomjeen.Core
  Determining projects to restore...
  All projects are up-to-date for restore.
/home/rabbitsx/Mywork/control-center/kanomjeen-suite/src/Kanomjeen.Core/Services/UiService.cs(46,13): warning CS0612: 'EffectManager.sendUIEffect(ushort, short, CSteamID, bool)' is obsolete [/home/rabbitsx/Mywork/control-center/kanomjeen-suite/src/Kanomjeen.Core/Kanomjeen.Core.csproj]
/home/rabbitsx/Mywork/control-center/kanomjeen-suite/src/Kanomjeen.Core/Services/UiService.cs(61,32): warning CS0612: 'EffectManager.askEffectClearByID(ushort, CSteamID)' is obsolete [/home/rabbitsx/Mywork/control-center/kanomjeen-suite/src/Kanomjeen.Core/Kanomjeen.Core.csproj]
/home/rabbitsx/Mywork/control-center/kanomjeen-suite/src/Kanomjeen.Core/KanomjeenCorePlugin.cs(53,13): warning CS0618: 'DamageTool.playerDamaged' is obsolete: 'Use damagePlayerRequested' [/home/rabbitsx/Mywork/control-center/kanomjeen-suite/src/Kanomjeen.Core/Kanomjeen.Core.csproj]
/home/rabbitsx/Mywork/control-center/kanomjeen-suite/src/Kanomjeen.Core/Services/UiService.cs(69,13): warning CS0612: 'EffectManager.sendUIEffectText(short, CSteamID, bool, string, string)' is obsolete [/home/rabbitsx/Mywork/control-center/kanomjeen-suite/src/Kanomjeen.Core/Kanomjeen.Core.csproj]
/home/rabbitsx/Mywork/control-center/kanomjeen-suite/src/Kanomjeen.Core/Services/UiService.cs(75,13): warning CS0612: 'EffectManager.sendUIEffectVisibility(short, CSteamID, bool, string, bool)' is obsolete [/home/rabbitsx/Mywork/control-center/kanomjeen-suite/src/Kanomjeen.Core/Kanomjeen.Core.csproj]
/home/rabbitsx/Mywork/control-center/kanomjeen-suite/src/Kanomjeen.Core/KanomjeenCorePlugin.cs(66,13): warning CS0618: 'DamageTool.playerDamaged' is obsolete: 'Use damagePlayerRequested' [/home/rabbitsx/Mywork/control-center/kanomjeen-suite/src/Kanomjeen.Core/Kanomjeen.Core.csproj]
  Kanomjeen.Core -> /home/rabbitsx/Mywork/control-center/kanomjeen-suite/src/Kanomjeen.Core/bin/Release/Kanomjeen.Core.dll

Build succeeded.

/home/rabbitsx/Mywork/control-center/kanomjeen-suite/src/Kanomjeen.Core/Services/UiService.cs(46,13): warning CS0612: 'EffectManager.sendUIEffect(ushort, short, CSteamID, bool)' is obsolete [/home/rabbitsx/Mywork/control-center/kanomjeen-suite/src/Kanomjeen.Core/Kanomjeen.Core.csproj]
/home/rabbitsx/Mywork/control-center/kanomjeen-suite/src/Kanomjeen.Core/Services/UiService.cs(61,32): warning CS0612: 'EffectManager.askEffectClearByID(ushort, CSteamID)' is obsolete [/home/rabbitsx/Mywork/control-center/kanomjeen-suite/src/Kanomjeen.Core/Kanomjeen.Core.csproj]
/home/rabbitsx/Mywork/control-center/kanomjeen-suite/src/Kanomjeen.Core/KanomjeenCorePlugin.cs(53,13): warning CS0618: 'DamageTool.playerDamaged' is obsolete: 'Use damagePlayerRequested' [/home/rabbitsx/Mywork/control-center/kanomjeen-suite/src/Kanomjeen.Core/Kanomjeen.Core.csproj]
/home/rabbitsx/Mywork/control-center/kanomjeen-suite/src/Kanomjeen.Core/Services/UiService.cs(69,13): warning CS0612: 'EffectManager.sendUIEffectText(short, CSteamID, bool, string, string)' is obsolete [/home/rabbitsx/Mywork/control-center/kanomjeen-suite/src/Kanomjeen.Core/Kanomjeen.Core.csproj]
/home/rabbitsx/Mywork/control-center/kanomjeen-suite/src/Kanomjeen.Core/Services/UiService.cs(75,13): warning CS0612: 'EffectManager.sendUIEffectVisibility(short, CSteamID, bool, string, bool)' is obsolete [/home/rabbitsx/Mywork/control-center/kanomjeen-suite/src/Kanomjeen.Core/Kanomjeen.Core.csproj]
/home/rabbitsx/Mywork/control-center/kanomjeen-suite/src/Kanomjeen.Core/KanomjeenCorePlugin.cs(66,13): warning CS0618: 'DamageTool.playerDamaged' is obsolete: 'Use damagePlayerRequested' [/home/rabbitsx/Mywork/control-center/kanomjeen-suite/src/Kanomjeen.Core/Kanomjeen.Core.csproj]
    6 Warning(s)
    0 Error(s)

Time Elapsed 00:00:02.59
==> Building Kanomjeen.TPA
  Determining projects to restore...
  Restored /home/rabbitsx/Mywork/control-center/kanomjeen-suite/src/Kanomjeen.TPA/Kanomjeen.TPA.csproj (in 691 ms).
  1 of 2 projects are up-to-date for restore.
  Kanomjeen.Core -> /home/rabbitsx/Mywork/control-center/kanomjeen-suite/src/Kanomjeen.Core/bin/Release/Kanomjeen.Core.dll
  Kanomjeen.TPA -> /home/rabbitsx/Mywork/control-center/kanomjeen-suite/src/Kanomjeen.TPA/bin/Release/Kanomjeen.TPA.dll

Build succeeded.
    0 Warning(s)
    0 Error(s)

Time Elapsed 00:00:04.59
==> Building Kanomjeen.Homes
  Determining projects to restore...
  Restored /home/rabbitsx/Mywork/control-center/kanomjeen-suite/src/Kanomjeen.Homes/Kanomjeen.Homes.csproj (in 783 ms).
  1 of 2 projects are up-to-date for restore.
  Kanomjeen.Core -> /home/rabbitsx/Mywork/control-center/kanomjeen-suite/src/Kanomjeen.Core/bin/Release/Kanomjeen.Core.dll
  Kanomjeen.Homes -> /home/rabbitsx/Mywork/control-center/kanomjeen-suite/src/Kanomjeen.Homes/bin/Release/Kanomjeen.Homes.dll

Build succeeded.
    0 Warning(s)
    0 Error(s)

Time Elapsed 00:00:04.83
==> Building Kanomjeen.Kits
  Determining projects to restore...
  Restored /home/rabbitsx/Mywork/control-center/kanomjeen-suite/src/Kanomjeen.Kits/Kanomjeen.Kits.csproj (in 608 ms).
  1 of 2 projects are up-to-date for restore.
  Kanomjeen.Core -> /home/rabbitsx/Mywork/control-center/kanomjeen-suite/src/Kanomjeen.Core/bin/Release/Kanomjeen.Core.dll
  Kanomjeen.Kits -> /home/rabbitsx/Mywork/control-center/kanomjeen-suite/src/Kanomjeen.Kits/bin/Release/Kanomjeen.Kits.dll

Build succeeded.
    0 Warning(s)
    0 Error(s)

Time Elapsed 00:00:03.99
==> Building Kanomjeen.Respawn
  Determining projects to restore...
  Restored /home/rabbitsx/Mywork/control-center/kanomjeen-suite/src/Kanomjeen.Respawn/Kanomjeen.Respawn.csproj (in 775 ms).
  1 of 2 projects are up-to-date for restore.
  Kanomjeen.Core -> /home/rabbitsx/Mywork/control-center/kanomjeen-suite/src/Kanomjeen.Core/bin/Release/Kanomjeen.Core.dll
/home/rabbitsx/Mywork/control-center/kanomjeen-suite/src/Kanomjeen.Respawn/KanomjeenRespawnPlugin.cs(33,13): warning CS0618: 'DamageTool.playerDamaged' is obsolete: 'Use damagePlayerRequested' [/home/rabbitsx/Mywork/control-center/kanomjeen-suite/src/Kanomjeen.Respawn/Kanomjeen.Respawn.csproj]
/home/rabbitsx/Mywork/control-center/kanomjeen-suite/src/Kanomjeen.Respawn/KanomjeenRespawnPlugin.cs(43,13): warning CS0618: 'DamageTool.playerDamaged' is obsolete: 'Use damagePlayerRequested' [/home/rabbitsx/Mywork/control-center/kanomjeen-suite/src/Kanomjeen.Respawn/Kanomjeen.Respawn.csproj]
  Kanomjeen.Respawn -> /home/rabbitsx/Mywork/control-center/kanomjeen-suite/src/Kanomjeen.Respawn/bin/Release/Kanomjeen.Respawn.dll

Build succeeded.

/home/rabbitsx/Mywork/control-center/kanomjeen-suite/src/Kanomjeen.Respawn/KanomjeenRespawnPlugin.cs(33,13): warning CS0618: 'DamageTool.playerDamaged' is obsolete: 'Use damagePlayerRequested' [/home/rabbitsx/Mywork/control-center/kanomjeen-suite/src/Kanomjeen.Respawn/Kanomjeen.Respawn.csproj]
/home/rabbitsx/Mywork/control-center/kanomjeen-suite/src/Kanomjeen.Respawn/KanomjeenRespawnPlugin.cs(43,13): warning CS0618: 'DamageTool.playerDamaged' is obsolete: 'Use damagePlayerRequested' [/home/rabbitsx/Mywork/control-center/kanomjeen-suite/src/Kanomjeen.Respawn/Kanomjeen.Respawn.csproj]
    2 Warning(s)
    0 Error(s)

Time Elapsed 00:00:04.96
==> Building Kanomjeen.BuildGuard
  Determining projects to restore...
  Restored /home/rabbitsx/Mywork/control-center/kanomjeen-suite/src/Kanomjeen.BuildGuard/Kanomjeen.BuildGuard.csproj (in 631 ms).
  1 of 2 projects are up-to-date for restore.
  Kanomjeen.Core -> /home/rabbitsx/Mywork/control-center/kanomjeen-suite/src/Kanomjeen.Core/bin/Release/Kanomjeen.Core.dll
  Kanomjeen.BuildGuard -> /home/rabbitsx/Mywork/control-center/kanomjeen-suite/src/Kanomjeen.BuildGuard/bin/Release/Kanomjeen.BuildGuard.dll

Build succeeded.
    0 Warning(s)
    0 Error(s)

Time Elapsed 00:00:04.30
==> Building Kanomjeen.Airdrops
  Determining projects to restore...
  Restored /home/rabbitsx/Mywork/control-center/kanomjeen-suite/src/Kanomjeen.Airdrops/Kanomjeen.Airdrops.csproj (in 593 ms).
  1 of 2 projects are up-to-date for restore.
  Kanomjeen.Core -> /home/rabbitsx/Mywork/control-center/kanomjeen-suite/src/Kanomjeen.Core/bin/Release/Kanomjeen.Core.dll
/home/rabbitsx/Mywork/control-center/kanomjeen-suite/src/Kanomjeen.Airdrops/KanomjeenAirdropsPlugin.cs(19,26): error CS0104: 'Random' is an ambiguous reference between 'UnityEngine.Random' and 'System.Random' [/home/rabbitsx/Mywork/control-center/kanomjeen-suite/src/Kanomjeen.Airdrops/Kanomjeen.Airdrops.csproj]

Build FAILED.

/home/rabbitsx/Mywork/control-center/kanomjeen-suite/src/Kanomjeen.Airdrops/KanomjeenAirdropsPlugin.cs(19,26): error CS0104: 'Random' is an ambiguous reference between 'UnityEngine.Random' and 'System.Random' [/home/rabbitsx/Mywork/control-center/kanomjeen-suite/src/Kanomjeen.Airdrops/Kanomjeen.Airdrops.csproj]
    0 Warning(s)
    1 Error(s)

Time Elapsed 00:00:04.05
