==> Building Kanomjeen.Core

Welcome to .NET 8.0!
---------------------
SDK Version: 8.0.425

Telemetry
---------
The .NET tools collect usage data in order to help us improve your experience. It is collected by Microsoft and shared with the community. You can opt-out of telemetry by setting the DOTNET_CLI_TELEMETRY_OPTOUT environment variable to '1' or 'true' using your favorite shell.

Read more about .NET CLI Tools telemetry: https://aka.ms/dotnet-cli-telemetry

----------------
Installed an ASP.NET Core HTTPS development certificate.
To trust the certificate, view the instructions: https://aka.ms/dotnet-https-linux

----------------
Write your first app: https://aka.ms/dotnet-hello-world
Find out what's new: https://aka.ms/dotnet-whats-new
Explore documentation: https://aka.ms/dotnet-docs
Report issues and find source on GitHub: https://github.com/dotnet/core
Use 'dotnet --help' to see available commands or visit: https://aka.ms/dotnet-cli
--------------------------------------------------------------------------------------
  Determining projects to restore...
  Restored /home/rabbitsx/Mywork/control-center/kanomjeen-suite/src/Kanomjeen.Core/Kanomjeen.Core.csproj (in 9.95 sec).
/home/rabbitsx/Mywork/control-center/kanomjeen-suite/src/Kanomjeen.Core/Services/GameplayGuard.cs(47,33): error CS1061: 'UnturnedPlayer' does not contain a definition for 'HasPermission' and no accessible extension method 'HasPermission' accepting a first argument of type 'UnturnedPlayer' could be found (are you missing a using directive or an assembly reference?) [/home/rabbitsx/Mywork/control-center/kanomjeen-suite/src/Kanomjeen.Core/Kanomjeen.Core.csproj]
/home/rabbitsx/Mywork/control-center/kanomjeen-suite/src/Kanomjeen.Core/Services/UiService.cs(46,13): warning CS0612: 'EffectManager.sendUIEffect(ushort, short, CSteamID, bool)' is obsolete [/home/rabbitsx/Mywork/control-center/kanomjeen-suite/src/Kanomjeen.Core/Kanomjeen.Core.csproj]
/home/rabbitsx/Mywork/control-center/kanomjeen-suite/src/Kanomjeen.Core/Services/UiService.cs(61,32): warning CS0612: 'EffectManager.askEffectClearByID(ushort, CSteamID)' is obsolete [/home/rabbitsx/Mywork/control-center/kanomjeen-suite/src/Kanomjeen.Core/Kanomjeen.Core.csproj]
/home/rabbitsx/Mywork/control-center/kanomjeen-suite/src/Kanomjeen.Core/Services/UiService.cs(69,13): warning CS0612: 'EffectManager.sendUIEffectText(short, CSteamID, bool, string, string)' is obsolete [/home/rabbitsx/Mywork/control-center/kanomjeen-suite/src/Kanomjeen.Core/Kanomjeen.Core.csproj]
/home/rabbitsx/Mywork/control-center/kanomjeen-suite/src/Kanomjeen.Core/Services/UiService.cs(75,13): warning CS0612: 'EffectManager.sendUIEffectVisibility(short, CSteamID, bool, string, bool)' is obsolete [/home/rabbitsx/Mywork/control-center/kanomjeen-suite/src/Kanomjeen.Core/Kanomjeen.Core.csproj]
/home/rabbitsx/Mywork/control-center/kanomjeen-suite/src/Kanomjeen.Core/KanomjeenCorePlugin.cs(53,13): warning CS0618: 'DamageTool.playerDamaged' is obsolete: 'Use damagePlayerRequested' [/home/rabbitsx/Mywork/control-center/kanomjeen-suite/src/Kanomjeen.Core/Kanomjeen.Core.csproj]
/home/rabbitsx/Mywork/control-center/kanomjeen-suite/src/Kanomjeen.Core/KanomjeenCorePlugin.cs(59,13): error CS0104: 'Logger' is an ambiguous reference between 'Rocket.Core.Logging.Logger' and 'UnityEngine.Logger' [/home/rabbitsx/Mywork/control-center/kanomjeen-suite/src/Kanomjeen.Core/Kanomjeen.Core.csproj]
/home/rabbitsx/Mywork/control-center/kanomjeen-suite/src/Kanomjeen.Core/KanomjeenCorePlugin.cs(66,13): warning CS0618: 'DamageTool.playerDamaged' is obsolete: 'Use damagePlayerRequested' [/home/rabbitsx/Mywork/control-center/kanomjeen-suite/src/Kanomjeen.Core/Kanomjeen.Core.csproj]
/home/rabbitsx/Mywork/control-center/kanomjeen-suite/src/Kanomjeen.Core/KanomjeenCorePlugin.cs(84,13): error CS0104: 'Logger' is an ambiguous reference between 'Rocket.Core.Logging.Logger' and 'UnityEngine.Logger' [/home/rabbitsx/Mywork/control-center/kanomjeen-suite/src/Kanomjeen.Core/Kanomjeen.Core.csproj]

Build FAILED.

/home/rabbitsx/Mywork/control-center/kanomjeen-suite/src/Kanomjeen.Core/Services/UiService.cs(46,13): warning CS0612: 'EffectManager.sendUIEffect(ushort, short, CSteamID, bool)' is obsolete [/home/rabbitsx/Mywork/control-center/kanomjeen-suite/src/Kanomjeen.Core/Kanomjeen.Core.csproj]
/home/rabbitsx/Mywork/control-center/kanomjeen-suite/src/Kanomjeen.Core/Services/UiService.cs(61,32): warning CS0612: 'EffectManager.askEffectClearByID(ushort, CSteamID)' is obsolete [/home/rabbitsx/Mywork/control-center/kanomjeen-suite/src/Kanomjeen.Core/Kanomjeen.Core.csproj]
/home/rabbitsx/Mywork/control-center/kanomjeen-suite/src/Kanomjeen.Core/Services/UiService.cs(69,13): warning CS0612: 'EffectManager.sendUIEffectText(short, CSteamID, bool, string, string)' is obsolete [/home/rabbitsx/Mywork/control-center/kanomjeen-suite/src/Kanomjeen.Core/Kanomjeen.Core.csproj]
/home/rabbitsx/Mywork/control-center/kanomjeen-suite/src/Kanomjeen.Core/Services/UiService.cs(75,13): warning CS0612: 'EffectManager.sendUIEffectVisibility(short, CSteamID, bool, string, bool)' is obsolete [/home/rabbitsx/Mywork/control-center/kanomjeen-suite/src/Kanomjeen.Core/Kanomjeen.Core.csproj]
/home/rabbitsx/Mywork/control-center/kanomjeen-suite/src/Kanomjeen.Core/KanomjeenCorePlugin.cs(53,13): warning CS0618: 'DamageTool.playerDamaged' is obsolete: 'Use damagePlayerRequested' [/home/rabbitsx/Mywork/control-center/kanomjeen-suite/src/Kanomjeen.Core/Kanomjeen.Core.csproj]
/home/rabbitsx/Mywork/control-center/kanomjeen-suite/src/Kanomjeen.Core/KanomjeenCorePlugin.cs(66,13): warning CS0618: 'DamageTool.playerDamaged' is obsolete: 'Use damagePlayerRequested' [/home/rabbitsx/Mywork/control-center/kanomjeen-suite/src/Kanomjeen.Core/Kanomjeen.Core.csproj]
/home/rabbitsx/Mywork/control-center/kanomjeen-suite/src/Kanomjeen.Core/Services/GameplayGuard.cs(47,33): error CS1061: 'UnturnedPlayer' does not contain a definition for 'HasPermission' and no accessible extension method 'HasPermission' accepting a first argument of type 'UnturnedPlayer' could be found (are you missing a using directive or an assembly reference?) [/home/rabbitsx/Mywork/control-center/kanomjeen-suite/src/Kanomjeen.Core/Kanomjeen.Core.csproj]
/home/rabbitsx/Mywork/control-center/kanomjeen-suite/src/Kanomjeen.Core/KanomjeenCorePlugin.cs(59,13): error CS0104: 'Logger' is an ambiguous reference between 'Rocket.Core.Logging.Logger' and 'UnityEngine.Logger' [/home/rabbitsx/Mywork/control-center/kanomjeen-suite/src/Kanomjeen.Core/Kanomjeen.Core.csproj]
/home/rabbitsx/Mywork/control-center/kanomjeen-suite/src/Kanomjeen.Core/KanomjeenCorePlugin.cs(84,13): error CS0104: 'Logger' is an ambiguous reference between 'Rocket.Core.Logging.Logger' and 'UnityEngine.Logger' [/home/rabbitsx/Mywork/control-center/kanomjeen-suite/src/Kanomjeen.Core/Kanomjeen.Core.csproj]
    6 Warning(s)
    3 Error(s)

Time Elapsed 00:00:14.53
